app/courses/[slug]/page.tsx(390,57): error TS2322: Type '{ icon: string; color: string; bg: string; title: string; description: string[]; }[]' is not assignable to type 'string[]'.
  Type '{ icon: string; color: string; bg: string; title: string; description: string[]; }' is not assignable to type 'string'.
app/courses/[slug]/page.tsx(405,57): error TS2322: Type '{ icon: string; color: string; bg: string; title: string; description: string[]; }[]' is not assignable to type 'string[]'.
  Type '{ icon: string; color: string; bg: string; title: string; description: string[]; }' is not assignable to type 'string'.
components/course/ContentWithImage.tsx(31,37): error TS2322: Type 'ReactNode' is not assignable to type 'string | undefined'.
  Type 'null' is not assignable to type 'string | undefined'.
components/course/ContentWithImage.tsx(38,37): error TS2322: Type 'ReactNode' is not assignable to type 'string | undefined'.
  Type 'null' is not assignable to type 'string | undefined'.
