app/courses/[slug]/page.tsx(377,37): error TS2322: Type 'Element' is not assignable to type 'string'.
